// Jest Snapshot v1, https://goo.gl/fbAQLP

exports[`App snapshot 1`] = `
<div>
  <article
    class="App"
  >
    <h1>
      afacefullofsail
    </h1>
    <p>
      "But when I raise the sail and lose those ties, anyone else in the cockpit inevitably gets 
      <b>
        a face full of sail
      </b>
      ."
    </p>
    <h2>
      Crossing
    </h2>
    <ul>
      <li
        class="Section__li--standOn"
      >
        <section>
          <h3>
            Vessel A
          </h3>
          <form>
            <h4>
              Type
            </h4>
            <ul
              class="List"
            >
              <li>
                <input
                  data-testid="radio"
                  id="0000000-000-0000-000-00000000000"
                  name="type"
                  type="radio"
                  value="a fishing vessel with nets in the water"
                />
                <label
                  for="0000000-000-0000-000-00000000000"
                >
                  fishing vessel
                </label>
              </li>
              <li>
                <input
                  checked=""
                  data-testid="radio"
                  id="0000000-000-0000-000-00000000000"
                  name="type"
                  type="radio"
                  value="big ship"
                />
                <label
                  for="0000000-000-0000-000-00000000000"
                >
                  big ship
                </label>
              </li>
              <li>
                <input
                  data-testid="radio"
                  id="0000000-000-0000-000-00000000000"
                  name="type"
                  type="radio"
                  value="power-driven"
                />
                <label
                  for="0000000-000-0000-000-00000000000"
                >
                  power-driven
                </label>
              </li>
              <li>
                <input
                  data-testid="radio"
                  id="0000000-000-0000-000-00000000000"
                  name="type"
                  type="radio"
                  value="sailboat"
                />
                <label
                  for="0000000-000-0000-000-00000000000"
                >
                  sailboat
                </label>
              </li>
            </ul>
            <img
              alt="big ship"
              class="Image"
              height="200px"
              src="38951976142_dabd01387b_w.jpg"
              width="200px"
            />
          </form>
        </section>
      </li>
      <li
        class="Section__li--giveWay"
      >
        <section>
          <h3>
            Vessel B
          </h3>
          <form>
            <h4>
              Type
            </h4>
            <ul
              class="List"
            >
              <li>
                <input
                  data-testid="radio"
                  id="0000000-000-0000-000-00000000000"
                  name="type"
                  type="radio"
                  value="a fishing vessel with nets in the water"
                />
                <label
                  for="0000000-000-0000-000-00000000000"
                >
                  fishing vessel
                </label>
              </li>
              <li>
                <input
                  data-testid="radio"
                  id="0000000-000-0000-000-00000000000"
                  name="type"
                  type="radio"
                  value="big ship"
                />
                <label
                  for="0000000-000-0000-000-00000000000"
                >
                  big ship
                </label>
              </li>
              <li>
                <input
                  data-testid="radio"
                  id="0000000-000-0000-000-00000000000"
                  name="type"
                  type="radio"
                  value="power-driven"
                />
                <label
                  for="0000000-000-0000-000-00000000000"
                >
                  power-driven
                </label>
              </li>
              <li>
                <input
                  checked=""
                  data-testid="radio"
                  id="0000000-000-0000-000-00000000000"
                  name="type"
                  type="radio"
                  value="sailboat"
                />
                <label
                  for="0000000-000-0000-000-00000000000"
                >
                  sailboat
                </label>
              </li>
            </ul>
            <img
              alt="sailboat"
              class="Image"
              height="200px"
              src="450px-Catalina_30_sailboat_Veritas_3889.jpeg"
              width="200px"
            />
            <h4>
              Tack
            </h4>
            <ul
              class="List"
            >
              <li>
                <input
                  checked=""
                  data-testid="radio"
                  id="0000000-000-0000-000-00000000000"
                  name="tack"
                  type="radio"
                  value="port"
                />
                <label
                  for="0000000-000-0000-000-00000000000"
                >
                  port
                </label>
              </li>
              <li>
                <input
                  data-testid="radio"
                  id="0000000-000-0000-000-00000000000"
                  name="tack"
                  type="radio"
                  value="startboard"
                />
                <label
                  for="0000000-000-0000-000-00000000000"
                >
                  startboard
                </label>
              </li>
            </ul>
            <h4>
              Position
            </h4>
            <ul
              class="List"
            >
              <li>
                <input
                  checked=""
                  data-testid="radio"
                  id="0000000-000-0000-000-00000000000"
                  name="position"
                  type="radio"
                  value="leeward"
                />
                <label
                  for="0000000-000-0000-000-00000000000"
                >
                  leeward
                </label>
              </li>
              <li>
                <input
                  data-testid="radio"
                  id="0000000-000-0000-000-00000000000"
                  name="position"
                  type="radio"
                  value="windward"
                />
                <label
                  for="0000000-000-0000-000-00000000000"
                >
                  windward
                </label>
              </li>
            </ul>
          </form>
        </section>
      </li>
    </ul>
    <p
      class="Legend"
    >
      <span
        class="Legend__span--giveWay"
      >
        Give-way
      </span>
      <span
        class="Legend__span--standOn"
      >
        Stand-on
      </span>
    </p>
    <article
      class="Tacks"
    >
      <section>
        <img
          alt="jibing"
          class="Tacks__Image"
          height="320px"
          src="sailing-26588_1280.png"
          width="240px"
        />
        <p>
          "Prepare to jibe!"
        </p>
        <p>
          "Ready."
        </p>
        <p>
          "Jibe-ho," or "Jibing,"
        </p>
      </section>
      <section>
        <img
          alt="tacking"
          class="Tacks__Image"
          height="320px"
          src="sailing-26592_1280.png"
          width="240px"
        />
        <p>
          "Prepare to tack!" or "Ready about!"
        </p>
        <p>
          "Ready!"
        </p>
        <p>
          "Helm's a-lee," or "Tacking,"
        </p>
      </section>
    </article>
    <footer
      class="App__footer"
    >
      2022
       
      afacefullofsail
       v
      0.0.0-jest.0
    </footer>
  </article>
</div>
`;

exports[`same vessel type 1`] = `
<p
  class="Notification"
  data-testid="notification"
>
  Same vessel type
</p>
`;
